current directory: /mnt/d/benspaghetti.github.io/vendor/bundle/ruby/3.4.0/gems/json-2.12.2/ext/json/ext/parser
/usr/share/rvm/rubies/ruby-3.4.4/bin/ruby extconf.rb
checking for rb_enc_interned_str() in ruby.h... yes
checking for rb_hash_new_capa() in ruby.h... yes
checking for rb_hash_bulk_insert() in ruby.h... yes
checking for strnlen() in string.h... yes
checking for whether -std=c99 is accepted as CFLAGS... yes
creating Makefile

current directory: /mnt/d/benspaghetti.github.io/vendor/bundle/ruby/3.4.0/gems/json-2.12.2/ext/json/ext/parser
make DESTDIR\= sitearchdir\=./.gem.20250604-5650-gtjzh5 sitelibdir\=./.gem.20250604-5650-gtjzh5 clean

current directory: /mnt/d/benspaghetti.github.io/vendor/bundle/ruby/3.4.0/gems/json-2.12.2/ext/json/ext/parser
make DESTDIR\= sitearchdir\=./.gem.20250604-5650-gtjzh5 sitelibdir\=./.gem.20250604-5650-gtjzh5
compiling parser.c
linking shared-object json/ext/parser.so

current directory: /mnt/d/benspaghetti.github.io/vendor/bundle/ruby/3.4.0/gems/json-2.12.2/ext/json/ext/parser
make DESTDIR\= sitearchdir\=./.gem.20250604-5650-gtjzh5 sitelibdir\=./.gem.20250604-5650-gtjzh5 install
make: Warning: File 'parser.so' has modification time 0.012 s in the future
/usr/bin/install -m 0755 parser.so ./.gem.20250604-5650-gtjzh5/json/ext
make: warning:  Clock skew detected.  Your build may be incomplete.

current directory: /mnt/d/benspaghetti.github.io/vendor/bundle/ruby/3.4.0/gems/json-2.12.2/ext/json/ext/parser
make DESTDIR\= sitearchdir\=./.gem.20250604-5650-gtjzh5 sitelibdir\=./.gem.20250604-5650-gtjzh5 clean
